// Jest Snapshot v1, https://goo.gl/fbAQLP

exports[`Should movie card render correctly 1`] = `
<article
  onMouseEnter={[Function]}
  onMouseLeave={[Function]}
>
  <div
    className="small-movie-card__image"
  />
  <h3
    className="small-movie-card__title"
  >
    <a
      className="small-movie-card__link"
      href="#"
    />
  </h3>
</article>
`;
